Which text file do you want to use for the puzzle? The Sirs are: Arthur Beatrix Michelle Tracy Xan Zoro
There are 2 solutions.