Which text file do you want to use for the puzzle? The Sirs are: Darius Garen Jinx Lee Riven
There are 6 solutions.