The Sirs are: Darius Garen Jinx Lee Riven Teemo Xin
There is no solution.