Which text file do you want to use for the puzzle? The Sirs are: Ahri Akali Ashe Darius
There is no solution.