Which text file do you want to use for the puzzle? The Sirs are: Akali Ashe Darius Garen
There are 2 solutions.