The Sirs are: Darius Garen Jinx Lee Riven
There are 8 solutions.